error[no-long-paths]: Found long path (3+ segments) - import a subset of this path
  ┌─ lints/no-long-paths/edge-cases.rs:7:5
  │
7 │     crate::generator::http::Server
  │     ^^^^^^^^^^^^^^^^^^^^^^^^^^^^^^

error[no-long-paths]: Found long path (3+ segments) - import a subset of this path
   ┌─ lints/no-long-paths/edge-cases.rs:15:18
   │
15 │     let result = some::long::path::to::function()
   │                  ^^^^^^^^^^^^^^^^^^^^^^^^^^^^^^

error[no-long-paths]: Found long path (3+ segments) - import a subset of this path
   ┌─ lints/no-long-paths/edge-cases.rs:15:18
   │
15 │     let result = some::long::path::to::function()
   │                  ^^^^^^^^^^^^^^^^^^^^

error[no-long-paths]: Found long path (3+ segments) - import a subset of this path
   ┌─ lints/no-long-paths/edge-cases.rs:20:33
   │
20 │     let value = outer::function(inner::long::path::call());
   │                                 ^^^^^^^^^^^^^^^^^^^^^^^

error[no-long-paths]: Found long path (3+ segments) - import a subset of this path
   ┌─ lints/no-long-paths/edge-cases.rs:24:16
   │
24 │         field: some::module::Type::default(),
   │                ^^^^^^^^^^^^^^^^^^^^^^^^^^^

Error: 5 error(s) found in code.
Help: Scan succeeded and found error level diagnostics in the codebase.
