error[no-long-paths]: Found long path (3+ segments) - import a subset of this path
  ┌─ lints/no-long-paths/valid.rs:5:16
  │
5 │     let file = fs::File::open("path");
  │                ^^^^^^^^^^^^^^

error[no-long-paths]: Found long path (3+ segments) - import a subset of this path
  ┌─ lints/no-long-paths/valid.rs:6:18
  │
6 │     let result = http::Response::new();
  │                  ^^^^^^^^^^^^^^^^^^^

error[no-long-paths]: Found long path (3+ segments) - import a subset of this path
  ┌─ lints/no-long-paths/valid.rs:7:16
  │
7 │     let data = json::Value::from(42);
  │                ^^^^^^^^^^^^^^^^^

error[no-long-paths]: Found long path (3+ segments) - import a subset of this path
   ┌─ lints/no-long-paths/valid.rs:12:5
   │
12 │ use tokio::sync::broadcast::Sender;
   │     ^^^^^^^^^^^^^^^^^^^^^^

error[no-long-paths]: Found long path (3+ segments) - import a subset of this path
   ┌─ lints/no-long-paths/valid.rs:13:5
   │
13 │ use crate::generator::http::Server;
   │     ^^^^^^^^^^^^^^^^^^^^^^

error[no-long-paths]: Found long path (3+ segments) - import a subset of this path
   ┌─ lints/no-long-paths/valid.rs:14:5
   │
14 │ use lading_payload::dogstatsd::metric::Counter;
   │     ^^^^^^^^^^^^^^^^^^^^^^^^^^^^^^^^^

error[no-long-paths]: Found long path (3+ segments) - import a subset of this path
   ┌─ lints/no-long-paths/valid.rs:18:16
   │
18 │     let path = std::env::current_dir().unwrap();
   │                ^^^^^^^^^^^^^^^^^^^^^

error[no-long-paths]: Found long path (3+ segments) - import a subset of this path
   ┌─ lints/no-long-paths/valid.rs:19:16
   │
19 │     let file = std::fs::File::create("test.txt").unwrap();
   │                ^^^^^^^^^^^^^^^^^^^^^

error[no-long-paths]: Found long path (3+ segments) - import a subset of this path
   ┌─ lints/no-long-paths/valid.rs:19:16
   │
19 │     let file = std::fs::File::create("test.txt").unwrap();
   │                ^^^^^^^^^^^^^

error[no-long-paths]: Found long path (3+ segments) - import a subset of this path
   ┌─ lints/no-long-paths/valid.rs:20:18
   │
20 │     let thread = std::thread::Builder::new().spawn(|| {});
   │                  ^^^^^^^^^^^^^^^^^^^^^^^^^

error[no-long-paths]: Found long path (3+ segments) - import a subset of this path
   ┌─ lints/no-long-paths/valid.rs:20:18
   │
20 │     let thread = std::thread::Builder::new().spawn(|| {});
   │                  ^^^^^^^^^^^^^^^^^^^^

error[no-long-paths]: Found long path (3+ segments) - import a subset of this path
   ┌─ lints/no-long-paths/valid.rs:25:14
   │
25 │     let rt = tokio::runtime::Builder::new_multi_thread().build();
   │              ^^^^^^^^^^^^^^^^^^^^^^^^^^^^^^^^^^^^^^^^^

error[no-long-paths]: Found long path (3+ segments) - import a subset of this path
   ┌─ lints/no-long-paths/valid.rs:25:14
   │
25 │     let rt = tokio::runtime::Builder::new_multi_thread().build();
   │              ^^^^^^^^^^^^^^^^^^^^^^^

error[no-long-paths]: Found long path (3+ segments) - import a subset of this path
   ┌─ lints/no-long-paths/valid.rs:26:16
   │
26 │     let file = tokio::fs::File::create("test.txt").await;
   │                ^^^^^^^^^^^^^^^^^^^^^^^

error[no-long-paths]: Found long path (3+ segments) - import a subset of this path
   ┌─ lints/no-long-paths/valid.rs:26:16
   │
26 │     let file = tokio::fs::File::create("test.txt").await;
   │                ^^^^^^^^^^^^^^^

error[no-long-paths]: Found long path (3+ segments) - import a subset of this path
   ┌─ lints/no-long-paths/valid.rs:27:18
   │
27 │     let sender = tokio::sync::broadcast::channel(10);
   │                  ^^^^^^^^^^^^^^^^^^^^^^^^^^^^^^^

error[no-long-paths]: Found long path (3+ segments) - import a subset of this path
   ┌─ lints/no-long-paths/valid.rs:27:18
   │
27 │     let sender = tokio::sync::broadcast::channel(10);
   │                  ^^^^^^^^^^^^^^^^^^^^^^

Error: 17 error(s) found in code.
Help: Scan succeeded and found error level diagnostics in the codebase.
